{
    "type": "optin",
    "environment": {
        "date_format": "YYYY-MM-DD",
        "time_format": "tt:mm",
        "timezone": "UTC",
        "number_format": {
            "decimal_symbol": ".",
            "digit_grouping_symbol": ","
        },
        "input_collation": "default",
        "redaction_policy": "none"
    },
    "flow": {
        "uuid": "7c37d7e5-6468-4b31-8109-ced2ef8b5ddc",
        "name": "Registration"
    },
    "contact": {
        "uuid": "c00e5d67-c275-4389-aded-7d8b151cbd5b",
        "name": "Bob",
        "language": "eng",
        "status": "active",
        "created_on": "2018-10-20T09:49:31.23456789Z",
        "urns": [
            "tel:+12065551212"
        ]
    },
    "triggered_on": "2018-10-20T09:49:31.23456789Z",
    "event": {
        "type": "stopped",
        "optin": {
            "uuid": "248be71d-78e9-4d71-a6c4-9981d369e5cb",
            "name": "Joke Of The Day"
        }
    }
}